
> dynastycube@0.1.0 build
> next build

   ▲ Next.js 15.4.3
   - Environments: .env.local

   Creating an optimized production build ...
 ✓ Compiled successfully in 2000ms
   Linting and checking validity of types ...

Failed to compile.

./src/app/actions/matchActions.ts
656:30  Error: Unexpected any. Specify a different type.  @typescript-eslint/no-explicit-any
668:41  Error: Unexpected any. Specify a different type.  @typescript-eslint/no-explicit-any

./src/app/actions/matchSchedulingActions.ts
72:57  Error: Unexpected any. Specify a different type.  @typescript-eslint/no-explicit-any
307:32  Error: Unexpected any. Specify a different type.  @typescript-eslint/no-explicit-any

./src/app/actions/scheduleActions.ts
314:42  Error: Unexpected any. Specify a different type.  @typescript-eslint/no-explicit-any

./src/app/admin/roles/page.tsx
20:6  Warning: React Hook useEffect has a missing dependency: 'checkAdminStatus'. Either include it or remove the dependency array.  react-hooks/exhaustive-deps

./src/app/components/AccountLinking.tsx
35:6  Warning: React Hook useEffect has a missing dependency: 'supabase.auth'. Either include it or remove the dependency array.  react-hooks/exhaustive-deps

./src/app/components/DeckBuilder.tsx
61:11  Warning: Using `<img>` could result in slower LCP and higher bandwidth. Consider using `<Image />` from `next/image` or a custom image loader to automatically optimize images. This may incur additional usage or cost from your provider. See: https://nextjs.org/docs/messages/no-img-element  @next/next/no-img-element
152:5  Warning: Unused eslint-disable directive (no problems were reported from 'react-hooks/exhaustive-deps').
974:17  Warning: Using `<img>` could result in slower LCP and higher bandwidth. Consider using `<Image />` from `next/image` or a custom image loader to automatically optimize images. This may incur additional usage or cost from your provider. See: https://nextjs.org/docs/messages/no-img-element  @next/next/no-img-element

./src/app/components/DisplayNameEditor.tsx
26:6  Warning: React Hook useEffect has a missing dependency: 'loadCurrentDisplayName'. Either include it or remove the dependency array.  react-hooks/exhaustive-deps

./src/app/components/DraftInterface.tsx
409:21  Warning: Using `<img>` could result in slower LCP and higher bandwidth. Consider using `<Image />` from `next/image` or a custom image loader to automatically optimize images. This may incur additional usage or cost from your provider. See: https://nextjs.org/docs/messages/no-img-element  @next/next/no-img-element

./src/app/components/MatchRecording.tsx
11:8  Warning: 'Match' is defined but never used.  @typescript-eslint/no-unused-vars
21:42  Error: Unexpected any. Specify a different type.  @typescript-eslint/no-explicit-any
22:38  Error: Unexpected any. Specify a different type.  @typescript-eslint/no-explicit-any
24:54  Error: Unexpected any. Specify a different type.  @typescript-eslint/no-explicit-any
37:6  Warning: React Hook useEffect has missing dependencies: 'checkUserRoles' and 'loadMatchData'. Either include them or remove the dependency array.  react-hooks/exhaustive-deps
71:43  Error: Unexpected any. Specify a different type.  @typescript-eslint/no-explicit-any

./src/app/components/TeamCubucksDisplay.tsx
30:6  Warning: React Hook useEffect has a missing dependency: 'loadData'. Either include it or remove the dependency array.  react-hooks/exhaustive-deps

./src/app/components/TeamStats.tsx
68:9  Warning: '_maxTypeCount' is assigned a value but never used.  @typescript-eslint/no-unused-vars

./src/app/components/admin/CardManagement.tsx
237:19  Warning: Using `<img>` could result in slower LCP and higher bandwidth. Consider using `<Image />` from `next/image` or a custom image loader to automatically optimize images. This may incur additional usage or cost from your provider. See: https://nextjs.org/docs/messages/no-img-element  @next/next/no-img-element
301:19  Warning: Using `<img>` could result in slower LCP and higher bandwidth. Consider using `<Image />` from `next/image` or a custom image loader to automatically optimize images. This may incur additional usage or cost from your provider. See: https://nextjs.org/docs/messages/no-img-element  @next/next/no-img-element

./src/app/components/admin/MatchExtensionManager.tsx
32:6  Warning: React Hook useEffect has a missing dependency: 'loadWeeks'. Either include it or remove the dependency array.  react-hooks/exhaustive-deps
38:6  Warning: React Hook useEffect has a missing dependency: 'loadMatches'. Either include it or remove the dependency array.  react-hooks/exhaustive-deps
151:9  Warning: 'currentMatch' is assigned a value but never used.  @typescript-eslint/no-unused-vars
225:27  Error: Unexpected any. Specify a different type.  @typescript-eslint/no-explicit-any
243:30  Error: Unexpected any. Specify a different type.  @typescript-eslint/no-explicit-any
268:26  Error: Unexpected any. Specify a different type.  @typescript-eslint/no-explicit-any
272:41  Error: Unexpected any. Specify a different type.  @typescript-eslint/no-explicit-any
274:30  Error: Unexpected any. Specify a different type.  @typescript-eslint/no-explicit-any
276:59  Error: Unexpected any. Specify a different type.  @typescript-eslint/no-explicit-any
283:57  Error: Unexpected any. Specify a different type.  @typescript-eslint/no-explicit-any

./src/app/components/admin/MatchManagement.tsx
9:3  Warning: 'getMatchDetails' is defined but never used.  @typescript-eslint/no-unused-vars
17:38  Error: Unexpected any. Specify a different type.  @typescript-eslint/no-explicit-any
20:54  Error: Unexpected any. Specify a different type.  @typescript-eslint/no-explicit-any
21:48  Error: Unexpected any. Specify a different type.  @typescript-eslint/no-explicit-any

./src/app/components/admin/MatchScheduler.tsx
36:6  Warning: React Hook useEffect has a missing dependency: 'loadData'. Either include it or remove the dependency array.  react-hooks/exhaustive-deps
42:6  Warning: React Hook useEffect has a missing dependency: 'loadWeekMatches'. Either include it or remove the dependency array.  react-hooks/exhaustive-deps

./src/app/components/admin/ScheduleOverview.tsx
31:6  Warning: React Hook useEffect has a missing dependency: 'loadWeeks'. Either include it or remove the dependency array.  react-hooks/exhaustive-deps

./src/app/components/admin/UserManagement.tsx
197:21  Warning: Using `<img>` could result in slower LCP and higher bandwidth. Consider using `<Image />` from `next/image` or a custom image loader to automatically optimize images. This may incur additional usage or cost from your provider. See: https://nextjs.org/docs/messages/no-img-element  @next/next/no-img-element

./src/app/components/admin/VoteManagement.tsx
9:3  Warning: 'updatePoll' is defined but never used.  @typescript-eslint/no-unused-vars

./src/app/components/team/MatchSchedulingWidget.tsx
48:6  Warning: React Hook useEffect has a missing dependency: 'loadMatches'. Either include it or remove the dependency array.  react-hooks/exhaustive-deps
213:52  Error: Unexpected any. Specify a different type.  @typescript-eslint/no-explicit-any
328:29  Error: `"` can be escaped with `&quot;`, `&ldquo;`, `&#34;`, `&rdquo;`.  react/no-unescaped-entities
328:57  Error: `"` can be escaped with `&quot;`, `&ldquo;`, `&#34;`, `&rdquo;`.  react/no-unescaped-entities
379:29  Error: `"` can be escaped with `&quot;`, `&ldquo;`, `&#34;`, `&rdquo;`.  react/no-unescaped-entities
379:57  Error: `"` can be escaped with `&quot;`, `&ldquo;`, `&#34;`, `&rdquo;`.  react/no-unescaped-entities

./src/app/messages/page.tsx
64:6  Warning: React Hook useEffect has a missing dependency: 'loadMessages'. Either include it or remove the dependency array.  react-hooks/exhaustive-deps

./src/app/pools/page.tsx
354:19  Warning: Using `<img>` could result in slower LCP and higher bandwidth. Consider using `<Image />` from `next/image` or a custom image loader to automatically optimize images. This may incur additional usage or cost from your provider. See: https://nextjs.org/docs/messages/no-img-element  @next/next/no-img-element

./src/app/teams/[teamId]/page.tsx
237:25  Warning: Using `<img>` could result in slower LCP and higher bandwidth. Consider using `<Image />` from `next/image` or a custom image loader to automatically optimize images. This may incur additional usage or cost from your provider. See: https://nextjs.org/docs/messages/no-img-element  @next/next/no-img-element

./src/app/teams/[teamId]/trades/new/page.tsx
62:6  Warning: React Hook useEffect has a missing dependency: 'loadData'. Either include it or remove the dependency array.  react-hooks/exhaustive-deps

./src/app/teams/[teamId]/trades/page.tsx
74:6  Warning: React Hook useEffect has a missing dependency: 'loadData'. Either include it or remove the dependency array.  react-hooks/exhaustive-deps
106:15  Warning: 'trade' is assigned a value but never used.  @typescript-eslint/no-unused-vars

./src/app/vote/page.tsx
32:6  Warning: React Hook useEffect has a missing dependency: 'loadPolls'. Either include it or remove the dependency array.  react-hooks/exhaustive-deps

./src/lib/supabase.ts
39:49  Error: Unexpected any. Specify a different type.  @typescript-eslint/no-explicit-any
42:18  Warning: 'error' is defined but never used.  @typescript-eslint/no-unused-vars
48:37  Error: Unexpected any. Specify a different type.  @typescript-eslint/no-explicit-any
51:18  Warning: 'error' is defined but never used.  @typescript-eslint/no-unused-vars

info  - Need to disable some ESLint rules? Learn more here: https://nextjs.org/docs/app/api-reference/config/eslint#disabling-rules
